// Vitest Snapshot v1, https://vitest.dev/guide/snapshot.html

exports[`Logo > should match the snapshot 1`] = `
"<a class="logo" href="url">
  <div></div>
</a>"
`;
