// Jest Snapshot v1, https://goo.gl/fbAQLP

exports[`Showpiece should match the snapshot 1`] = `
<a
  href="url"
>
  <div
    className="showpiece"
  >
    <div
      className="lazyload-placeholder"
      style={
        Object {
          "height": 200,
        }
      }
    />
    <h3>
      title
    </h3>
    <p>
      description
    </p>
  </div>
</a>
`;
