// Vitest Snapshot v1, https://vitest.dev/guide/snapshot.html

exports[`Showcase > should match the snapshot 1`] = `
"<section class="banner showcase faded-out">
  <h2>title</h2>
  <div class="showpieces">
    <div></div>
  </div>
</section>"
`;
